[the-dapptools.onrender.com/index.html]
[backblue.gif]
[fade.gif]
[index.html]
[the-dapptools.onrender.com/chunks/img/favicon.ico.html]
[the-dapptools.onrender.com/chunks/css/style.min.css]
[the-dapptools.onrender.com/assets/font/wc.svg]
[the-dapptools.onrender.com/cyber.html]
[the-dapptools.onrender.com/chunks/img/background/blob.svg]
[the-dapptools.onrender.com/chunks/fonts/svg/right-left-solid.svg]
[the-dapptools.onrender.com/index-2.html]
[the-dapptools.onrender.com/chunks/js/jquery.min.js]
[the-dapptools.onrender.com/index.html]
[the-dapptools.onrender.com/chunks/img/favicon.ico.html]
[the-dapptools.onrender.com/chunks/js/scripts.min.js]
[the-dapptools.onrender.com/chunks/fonts/cloudicon/cloudicon.css]
[the-dapptools.onrender.com/chunks/fonts/fontawesome/css/all.min.css]
[the-dapptools.onrender.com/chunks/fonts/evafeat/evafeat.css]
[the-dapptools.onrender.com/chunks/css/bootstrap.min.css]
[the-dapptools.onrender.com/chunks/patterns/exapath.html]
[the-dapptools.onrender.com/chunks/patterns/cpupath.html]
[the-dapptools.onrender.com/chunks/patterns/motpath.html]
[the-dapptools.onrender.com/chunks/patterns/promopath.html]
[the-dapptools.onrender.com/chunks/patterns/exapath-w.html]
[the-dapptools.onrender.com/chunks/patterns/cpupath-w.html]
[the-dapptools.onrender.com/chunks/patterns/motpath-w.html]
[the-dapptools.onrender.com/chunks/patterns/promo-w.html]
[the-dapptools.onrender.com/topbanner17.jpg]
[the-dapptools.onrender.com/404.html]
[the-dapptools.onrender.com/chunks/img/arrow-drop-down.svg]
[the-dapptools.onrender.com/chunks/css/style.min.css]
[the-dapptools.onrender.com/assets/font/wc.svg]
[the-dapptools.onrender.com/assets/css/style.css]
[the-dapptools.onrender.com/assets/icon/wc.svg]
[the-dapptools.onrender.com/assets/images/icon/sun.png]
[the-dapptools.onrender.com/assets/images/icon/moon-2.png]
[the-dapptools.onrender.com/assets/images/logo/safepal.png]
[the-dapptools.onrender.com/assets/images/logo/walle.jpg]
[the-dapptools.onrender.com/assets/images/logo/trust_wallet.jpg]
[the-dapptools.onrender.com/assets/images/logo/metamask.jpg]
[the-dapptools.onrender.com/assets/images/logo/binance.png]
[the-dapptools.onrender.com/assets/images/logo/polygon.jpg]
[the-dapptools.onrender.com/assets/images/logo/rainbow.jpg]
[the-dapptools.onrender.com/assets/images/logo/bitpay.jpg]
[the-dapptools.onrender.com/assets/images/logo/walleth.jpg]
[the-dapptools.onrender.com/assets/images/logo/argent.jpg]
[the-dapptools.onrender.com/assets/images/logo/huobi.jpg]
[the-dapptools.onrender.com/assets/images/logo/encrypted_ink.jpg]
[pbs.twimg.com/profile_images/1509949169909354503/eSuRl5Sk_400x400.png]
[phantom.app/img/phantom-og.3a.delayed]
[the-dapptools.onrender.com/assets/images/logo/compound.jpg]
[the-dapptools.onrender.com/assets/images/logo/polkadot.jpg]
[the-dapptools.onrender.com/assets/images/logo/iotex.jpg]
[the-dapptools.onrender.com/assets/images/logo/coin98.jpg]
[the-dapptools.onrender.com/assets/images/logo/coinbase.png]
[the-dapptools.onrender.com/assets/images/logo/crypto.jpg]
[the-dapptools.onrender.com/assets/images/logo/token_pocket.jpg]
[the-dapptools.onrender.com/assets/images/logo/math_wallet.jpg]
[the-dapptools.onrender.com/assets/images/logo/ledger_live.jpg]
[the-dapptools.onrender.com/assets/images/logo/1inch.jpg]
[the-dapptools.onrender.com/assets/images/logo/dharma.jpg]
[the-dapptools.onrender.com/assets/images/logo/trust_vault.jpg]
[the-dapptools.onrender.com/assets/images/logo/mykey.jpg]
[the-dapptools.onrender.com/assets/images/logo/atomic.jpg]
[the-dapptools.onrender.com/assets/images/logo/cool_wallet_s.jpg]
[the-dapptools.onrender.com/assets/images/logo/nash.jpg]
[the-dapptools.onrender.com/assets/images/logo/coinomi.jpg]
[the-dapptools.onrender.com/assets/images/logo/gridplus.jpg]
[the-dapptools.onrender.com/assets/images/logo/tokenary.jpg]
[the-dapptools.onrender.com/assets/images/logo/safepal.jpg]
[the-dapptools.onrender.com/assets/images/logo/infinito.jpg]
[the-dapptools.onrender.com/assets/images/logo/wallet_io.jpg]
[the-dapptools.onrender.com/assets/images/logo/ownbit.jpg]
[the-dapptools.onrender.com/assets/images/logo/easypocket.jpg]
[the-dapptools.onrender.com/assets/images/logo/bridge_wallet.jpg]
[the-dapptools.onrender.com/assets/images/logo/via_wallet.jpg]
[the-dapptools.onrender.com/assets/images/logo/bitkeep.jpg]
[the-dapptools.onrender.com/assets/images/logo/unstoppable_wallet.jpg]
[the-dapptools.onrender.com/assets/images/logo/halodefi_wallet.jpg]
[the-dapptools.onrender.com/assets/images/logo/dok_wallet.jpg]
[the-dapptools.onrender.com/assets/images/logo/celo_wallet.jpg]
[the-dapptools.onrender.com/assets/images/logo/coinus.jpg]
[the-dapptools.onrender.com/assets/images/logo/valora.jpg]
[the-dapptools.onrender.com/assets/images/logo/trustee_wallet.jpg]
[the-dapptools.onrender.com/assets/images/logo/guarda_wallet.jpg]
[the-dapptools.onrender.com/assets/images/logo/jade_wallet.jpg]
[the-dapptools.onrender.com/assets/images/logo/plasmapay.jpg]
[the-dapptools.onrender.com/assets/images/logo/o3_wallet.jpg]
[the-dapptools.onrender.com/assets/images/logo/hashkey_me.jpg]
[the-dapptools.onrender.com/assets/images/logo/rwallet.jpg]
[the-dapptools.onrender.com/assets/images/logo/flare_wallet.jpg]
[the-dapptools.onrender.com/assets/images/logo/kyberswap.jpg]
[the-dapptools.onrender.com/assets/images/logo/atoken_wallet.jpg]
[the-dapptools.onrender.com/assets/images/logo/tongue_wallet.jpg]
[the-dapptools.onrender.com/assets/images/logo/xinfin.jpg]
[the-dapptools.onrender.com/assets/images/logo/talken_wallet.jpg]
[the-dapptools.onrender.com/assets/images/logo/keyring_pro.jpg]
[the-dapptools.onrender.com/assets/images/logo/midas_wallet.jpg]
[the-dapptools.onrender.com/assets/images/logo/at_wallet.jpg]
[the-dapptools.onrender.com/assets/images/logo/imtoken.jpg]
[the-dapptools.onrender.com/index-3.html]
[the-dapptools.onrender.com/assets/images/icon/shield.png]
[the-dapptools.onrender.com/assets/js/jquery.min.js]
[the-dapptools.onrender.com/assets/js/jquery.easing.js]
[the-dapptools.onrender.com/assets/js/bootstrap.min.js]
[the-dapptools.onrender.com/assets/js/wow.min.js]
[the-dapptools.onrender.com/assets/js/plugin.js]
[the-dapptools.onrender.com/assets/js/shortcodes.js]
[the-dapptools.onrender.com/assets/js/main.js]
[the-dapptools.onrender.com/assets/js/count-down.js]
[the-dapptools.onrender.com/assets/js/swiper-bundle.min.js]
[the-dapptools.onrender.com/assets/js/swiper.js]
[the-dapptools.onrender.com/assets/js/parallax.js]
[the-dapptools.onrender.com/assets/js/web3.min.js]
[the-dapptools.onrender.com/assets/js/moralis.js]
[the-dapptools.onrender.com/assets/js/nft.js]
[the-dapptools.onrender.com/cyber.html]
[the-dapptools.onrender.com/chunks/img/background/blob.svg]
[the-dapptools.onrender.com/chunks/fonts/svg/right-left-solid.svg]
[the-dapptools.onrender.com/index-2.html]
[the-dapptools.onrender.com/chunks/fonts/cloudicon/cloudicon.css]
[the-dapptools.onrender.com/chunks/fonts/fontawesome/css/all.min.css]
[the-dapptools.onrender.com/chunks/fonts/evafeat/evafeat.css]
[the-dapptools.onrender.com/chunks/css/bootstrap.min.css]
[the-dapptools.onrender.com/chunks/patterns/exapath.html]
[the-dapptools.onrender.com/chunks/patterns/cpupath.html]
[the-dapptools.onrender.com/chunks/patterns/motpath.html]
[the-dapptools.onrender.com/chunks/patterns/promopath.html]
[the-dapptools.onrender.com/chunks/patterns/exapath-w.html]
[the-dapptools.onrender.com/chunks/patterns/cpupath-w.html]
[the-dapptools.onrender.com/chunks/patterns/motpath-w.html]
[the-dapptools.onrender.com/chunks/patterns/promo-w.html]
[the-dapptools.onrender.com/404.html]
[the-dapptools.onrender.com/chunks/img/arrow-drop-down.svg]
[the-dapptools.onrender.com/assets/css/ntfs.css]
[the-dapptools.onrender.com/assets/css/shortcodes.css]
[the-dapptools.onrender.com/assets/css/responsive.css]
[the-dapptools.onrender.com/assets/css/animate.css]
[the-dapptools.onrender.com/assets/css/jquery.fancybox.min.css]
[the-dapptools.onrender.com/assets/css/font-awesome.css]
[the-dapptools.onrender.com/assets/css/swiper-bundle.min.css]
[the-dapptools.onrender.com/assets/css/style.css]
[the-dapptools.onrender.com/assets/icon/wc.svg]
[phantom.app/img/phantom-og.html]
[the-dapptools.onrender.com/index-3.html]
[the-dapptools.onrender.com/assets/css/bootstrap.css]
[the-dapptools.onrender.com/assets/font/nfts.html]
[the-dapptools.onrender.com/assets/font/nfts.ttf]
[the-dapptools.onrender.com/assets/font/nfts-2.html]
[the-dapptools.onrender.com/assets/font/nfts-3.html]
[the-dapptools.onrender.com/assets/css/ntfs.css]
[the-dapptools.onrender.com/assets/images/backgroup-secsion/img_bg_page_title.jpg]
[the-dapptools.onrender.com/assets/images/backgroup-secsion/img_bg_page_title_inner.html]
[the-dapptools.onrender.com/assets/images/backgroup-secsion/img_bg_page_title_dark.html]
[the-dapptools.onrender.com/assets/images/item-background/bg-authors.html]
[the-dapptools.onrender.com/assets/images/item-background/bg-authors2.html]
[the-dapptools.onrender.com/assets/images/backgroup-secsion/bg-h7.html]
[the-dapptools.onrender.com/assets/css/shortcodes.css]
[the-dapptools.onrender.com/assets/css/responsive.css]
[the-dapptools.onrender.com/assets/css/animate.css]
[the-dapptools.onrender.com/assets/css/jquery.fancybox.min.css]
[the-dapptools.onrender.com/assets/font/fa-brands-400.html]
[the-dapptools.onrender.com/assets/font/fa-brands-400d41dd41d.html]
[the-dapptools.onrender.com/assets/font/fa-brands-401.html]
[the-dapptools.onrender.com/assets/font/fa-brands-402.html]
[the-dapptools.onrender.com/assets/font/fa-brands-403.html]
[the-dapptools.onrender.com/assets/font/fa-brands-404.html]
[the-dapptools.onrender.com/assets/font/fa-duotone-900.html]
[the-dapptools.onrender.com/assets/font/fa-duotone-900d41dd41d.html]
[the-dapptools.onrender.com/assets/font/fa-duotone-901.html]
[the-dapptools.onrender.com/assets/font/fa-duotone-902.html]
[the-dapptools.onrender.com/assets/font/fa-duotone-903.html]
[the-dapptools.onrender.com/assets/font/fa-duotone-904.html]
[the-dapptools.onrender.com/font/fa-light-300.html]
[the-dapptools.onrender.com/assets/font/fa-light-300d41dd41d.html]
[the-dapptools.onrender.com/assets/font/fa-light-300.html]
[the-dapptools.onrender.com/assets/font/fa-light-301.html]
[the-dapptools.onrender.com/assets/font/fa-light-302.html]
[the-dapptools.onrender.com/assets/font/fa-light-303.html]
[the-dapptools.onrender.com/assets/font/fa-regular-400.html]
[the-dapptools.onrender.com/assets/font/fa-regular-400d41dd41d.html]
[the-dapptools.onrender.com/assets/font/fa-regular-401.html]
[the-dapptools.onrender.com/assets/font/fa-regular-402.html]
[the-dapptools.onrender.com/assets/font/fa-regular-403.html]
[the-dapptools.onrender.com/assets/font/fa-regular-404.html]
[the-dapptools.onrender.com/assets/font/fa-solid-900.html]
[the-dapptools.onrender.com/assets/font/fa-solid-900d41dd41d.html]
[the-dapptools.onrender.com/assets/font/fa-solid-901.html]
[the-dapptools.onrender.com/assets/font/fa-solid-902.html]
[the-dapptools.onrender.com/assets/font/fa-solid-903.html]
[the-dapptools.onrender.com/assets/font/fa-solid-904.html]
[the-dapptools.onrender.com/assets/css/font-awesome.css]
[the-dapptools.onrender.com/assets/css/swiper-bundle.min.css]
[the-dapptools.onrender.com/assets/css/bootstrap.css]
[the-dapptools.onrender.com/assets/font/nfts.html]
[the-dapptools.onrender.com/assets/font/nfts-2.html]
[the-dapptools.onrender.com/assets/font/nfts-3.html]
[the-dapptools.onrender.com/assets/images/backgroup-secsion/img_bg_page_title.jpg]
[the-dapptools.onrender.com/assets/images/backgroup-secsion/img_bg_page_title_inner.html]
[the-dapptools.onrender.com/assets/images/backgroup-secsion/img_bg_page_title_dark.html]
[the-dapptools.onrender.com/assets/images/item-background/bg-authors.html]
[the-dapptools.onrender.com/assets/images/item-background/bg-authors2.html]
[the-dapptools.onrender.com/assets/images/backgroup-secsion/bg-h7.html]
[the-dapptools.onrender.com/assets/font/fa-brands-400.html]
[the-dapptools.onrender.com/assets/font/fa-brands-400d41dd41d.html]
[the-dapptools.onrender.com/assets/font/fa-brands-401.html]
[the-dapptools.onrender.com/assets/font/fa-brands-402.html]
[the-dapptools.onrender.com/assets/font/fa-brands-403.html]
[the-dapptools.onrender.com/assets/font/fa-brands-404.html]
[the-dapptools.onrender.com/assets/font/fa-duotone-900.html]
[the-dapptools.onrender.com/assets/font/fa-duotone-900d41dd41d.html]
[the-dapptools.onrender.com/assets/font/fa-duotone-901.html]
[the-dapptools.onrender.com/assets/font/fa-duotone-902.html]
[the-dapptools.onrender.com/assets/font/fa-duotone-903.html]
[the-dapptools.onrender.com/assets/font/fa-duotone-904.html]
[the-dapptools.onrender.com/font/fa-light-300.html]
[the-dapptools.onrender.com/assets/font/fa-light-300d41dd41d.html]
[the-dapptools.onrender.com/assets/font/fa-light-300.html]
[the-dapptools.onrender.com/assets/font/fa-light-301.html]
[the-dapptools.onrender.com/assets/font/fa-light-302.html]
[the-dapptools.onrender.com/assets/font/fa-light-303.html]
[the-dapptools.onrender.com/assets/font/fa-regular-400.html]
[the-dapptools.onrender.com/assets/font/fa-regular-400d41dd41d.html]
[the-dapptools.onrender.com/assets/font/fa-regular-401.html]
[the-dapptools.onrender.com/assets/font/fa-regular-402.html]
[the-dapptools.onrender.com/assets/font/fa-regular-403.html]
[the-dapptools.onrender.com/assets/font/fa-regular-404.html]
[the-dapptools.onrender.com/assets/font/fa-solid-900.html]
[the-dapptools.onrender.com/assets/font/fa-solid-900d41dd41d.html]
[the-dapptools.onrender.com/assets/font/fa-solid-901.html]
[the-dapptools.onrender.com/assets/font/fa-solid-902.html]
[the-dapptools.onrender.com/assets/font/fa-solid-903.html]
[the-dapptools.onrender.com/assets/font/fa-solid-904.html]
